\BOOKMARK [1][]{section.1}{\376\377\116\000\060\001\000\040\225\356\230\230\221\315\217\360}{}% 1
\BOOKMARK [2][]{subsection.1.1}{\376\377\0001\000.\0001\000\040\225\356\230\230\200\314\146\157}{section.1}% 2
\BOOKMARK [2][]{subsection.1.2}{\376\377\0001\000.\0002\000\040\227\000\211\201\211\343\121\263\166\204\225\356\230\230}{section.1}% 3
\BOOKMARK [2][]{subsection.1.3}{\376\377\0001\000.\0003\000\040\145\160\143\156\116\016\123\302\145\160\213\364\146\016}{section.1}% 4
\BOOKMARK [1][]{section.2}{\376\377\116\214\060\001\000\040\225\356\230\230\122\006\147\220}{}% 5
\BOOKMARK [2][]{subsection.2.1}{\376\377\0002\000.\0001\000\040\147\072\164\006\122\006\147\220}{section.2}% 6
\BOOKMARK [2][]{subsection.2.2}{\376\377\0002\000.\0002\000\040\126\333\225\356\166\204\117\341\140\157\176\323\147\204\116\016\121\263\173\126\176\323\147\204\135\356\137\002}{section.2}% 7
\BOOKMARK [1][]{section.3}{\376\377\116\011\060\001\000\040\145\160\143\156\143\242\175\042\116\016\211\304\137\213\123\321\163\260}{}% 8
\BOOKMARK [2][]{subsection.3.1}{\376\377\0003\000.\0001\000\040\145\160\143\156\140\073\211\310\116\016\131\004\164\006}{section.3}% 9
\BOOKMARK [2][]{subsection.3.2}{\376\377\0003\000.\0002\000\040\211\304\137\213\116\000\377\032\124\150\121\205\215\037\203\167\211\304\137\213\377\010\124\150\116\224\060\001\124\150\121\155\146\076\204\127\120\117\117\116\377\011}{section.3}% 10
\BOOKMARK [2][]{subsection.3.3}{\376\377\0003\000.\0003\000\040\211\304\137\213\116\214\377\032\124\150\121\205\165\065\116\367\211\304\137\213\377\010\124\150\116\224\060\001\124\150\121\155\146\076\204\127\120\117\117\116\377\011}{section.3}% 11
\BOOKMARK [2][]{subsection.3.4}{\376\377\0003\000.\0004\000\040\211\304\137\213\116\011\377\032\121\111\117\017\133\143\202\202\162\171\137\201\377\010\137\072\133\143\202\202\000\040\000+\000\040\226\350\133\143\121\371\226\167\377\011}{section.3}% 12
\BOOKMARK [2][]{subsection.3.5}{\376\377\0003\000.\0005\000\040\211\304\137\213\121\155\377\032\230\204\142\245\213\357\135\356\226\217\143\320\122\115\147\037\130\236\225\177}{section.3}% 13
\BOOKMARK [1][]{section.4}{\376\377\126\333\060\001\000\040\152\041\127\213\120\107\213\276\116\016\173\046\123\367\213\364\146\016}{}% 14
\BOOKMARK [2][]{subsection.4.1}{\376\377\0004\000.\0001\000\040\152\041\127\213\120\107\213\276}{section.4}% 15
\BOOKMARK [2][]{subsection.4.2}{\376\377\0004\000.\0002\000\040\173\046\123\367\213\364\146\016}{section.4}% 16
\BOOKMARK [1][]{section.5}{\376\377\116\224\060\001\000\040\225\356\230\230\116\000\377\032\123\125\121\170\127\213\145\345\170\156\133\232\140\047\147\000\117\030\213\241\122\022\152\041\127\213}{}% 17
\BOOKMARK [2][]{subsection.5.1}{\376\377\0005\000.\0001\000\040\152\041\127\213\136\372\172\313}{section.5}% 18
\BOOKMARK [2][]{subsection.5.2}{\376\377\0005\000.\0002\000\040\152\041\127\213\154\102\211\343}{section.5}% 19
\BOOKMARK [2][]{subsection.5.3}{\376\377\0005\000.\0003\000\040\176\323\147\234\122\006\147\220}{section.5}% 20
\BOOKMARK [2][]{subsection.5.4}{\376\377\0005\000.\0004\000\040\145\271\154\325\133\371\161\147\377\032\122\051\165\050\120\250\200\375\116\016\145\340\120\250\200\375\166\204\173\227\154\325}{section.5}% 21
\BOOKMARK [1][]{section.6}{\376\377\121\155\060\001\000\040\225\356\230\230\116\214\377\032\121\150\136\164\220\020\145\345\040\034\213\241\122\022\040\024\176\323\173\227\040\035\116\044\226\066\153\265\152\041\127\213}{}% 22
\BOOKMARK [2][]{subsection.6.1}{\376\377\0006\000.\0001\000\040\152\041\127\213\121\306\131\007}{section.6}% 23
\BOOKMARK [2][]{subsection.6.2}{\376\377\0006\000.\0002\000\040\152\041\127\213\136\372\172\313}{section.6}% 24
\BOOKMARK [2][]{subsection.6.3}{\376\377\0006\000.\0003\000\040\152\041\127\213\154\102\211\343}{section.6}% 25
\BOOKMARK [2][]{subsection.6.4}{\376\377\0006\000.\0004\000\040\176\323\147\234\122\006\147\220}{section.6}% 26
\BOOKMARK [1][]{section.7}{\376\377\116\003\060\001\000\040\225\356\230\230\116\011\377\032\156\332\122\250\230\204\142\245\116\013\166\204\040\034\213\241\122\022\040\024\214\003\145\164\040\024\175\047\140\045\040\035\152\041\127\213}{}% 27
\BOOKMARK [2][]{subsection.7.1}{\376\377\0007\000.\0001\000\040\152\041\127\213\127\372\170\100}{section.7}% 28
\BOOKMARK [2][]{subsection.7.2}{\376\377\0007\000.\0002\000\040\152\041\127\213\136\372\172\313}{section.7}% 29
\BOOKMARK [2][]{subsection.7.3}{\376\377\0007\000.\0003\000\040\121\150\156\332\122\250\173\126\165\145\166\204\215\071\165\050\176\323\147\234}{section.7}% 30
\BOOKMARK [2][]{subsection.7.4}{\376\377\0007\000.\0004\000\040\176\323\147\234\122\006\147\220}{section.7}% 31
\BOOKMARK [1][]{section.8}{\376\377\121\153\060\001\000\040\225\356\230\230\126\333\377\032\133\236\145\366\154\342\122\250\165\065\116\367\116\013\166\204\122\250\140\001\214\003\136\246}{}% 32
\BOOKMARK [2][]{subsection.8.1}{\376\377\0008\000.\0001\000\040\152\041\127\213\136\372\172\313}{section.8}% 33
\BOOKMARK [2][]{subsection.8.2}{\376\377\0008\000.\0002\000\040\200\124\124\010\230\316\226\151\213\312\145\255\116\016\156\332\122\250\117\030\123\026}{section.8}% 34
\BOOKMARK [2][]{subsection.8.3}{\376\377\0008\000.\0003\000\040\176\323\147\234\116\016\133\371\161\147}{section.8}% 35
\BOOKMARK [2][]{subsection.8.4}{\376\377\0008\000.\0004\000\040\152\041\127\213\150\300\232\214\116\016\147\054\225\356\134\017\176\323}{section.8}% 36
\BOOKMARK [1][]{section.9}{\376\377\116\135\060\001\000\040\160\165\145\117\136\246\122\006\147\220}{}% 37
\BOOKMARK [1][]{section.10}{\376\377\123\101\060\001\000\040\152\041\127\213\213\304\116\367\116\016\143\250\136\177}{}% 38
\BOOKMARK [2][]{subsection.10.1}{\376\377\0001\0000\000.\0001\000\040\152\041\127\213\166\204\117\030\160\271}{section.10}% 39
\BOOKMARK [2][]{subsection.10.2}{\376\377\0001\0000\000.\0002\000\040\152\041\127\213\166\204\177\072\160\271}{section.10}% 40
\BOOKMARK [2][]{subsection.10.3}{\376\377\0001\0000\000.\0003\000\040\152\041\127\213\166\204\145\071\217\333\116\016\143\250\136\177}{section.10}% 41
\BOOKMARK [1][]{section*.43}{\376\377\123\302\200\003\145\207\163\056}{}% 42
\BOOKMARK [1][]{appendix.A}{\376\377\000A\000\040\172\013\136\217\116\016\145\160\143\156\156\005\123\125}{}% 43
\BOOKMARK [2][]{subsection.A.1}{\376\377\0001\000.\0001\000\040\172\013\136\217\176\323\147\204}{appendix.A}% 44
\BOOKMARK [2][]{subsection.A.2}{\376\377\0001\000.\0002\000\040\150\070\137\303\116\343\170\001\377\010\000L\000P\000\040\137\025\144\316\060\001\142\245\172\345\177\023\121\262\116\016\133\236\145\366\136\163\210\141\143\247\122\066\377\011}{appendix.A}% 45
\BOOKMARK [2][]{subsection.A.3}{\376\377\0001\000.\0003\000\040\176\323\147\234\145\207\116\366\116\016\145\160\143\156\215\104\116\247}{appendix.A}% 46
\BOOKMARK [2][]{subsection.A.4}{\376\377\0001\000.\0004\000\040\000A\000I\000\040\135\345\121\167\117\177\165\050\213\346\140\305\377\010\144\130\211\201\377\011}{appendix.A}% 47
